// Jest Snapshot v1, https://goo.gl/fbAQLP

exports[`@mosquito-ui/grid/Container renders correctly 1`] = `
<ContextProvider
  value={
    Object {
      "breakpointKeys": Array [
        "xs",
      ],
      "breakpoints": Object {
        "xs": Object {
          "container": 400,
          "viewport": 500,
        },
      },
      "columns": 12,
    }
  }
>
  <styled.div
    breakpoints={
      Object {
        "xs": Object {
          "container": 400,
          "viewport": 500,
        },
      }
    }
    columns={12}
  />
</ContextProvider>
`;

exports[`App renders correctly 1`] = `
<ContextProvider
  value={
    Object {
      "breakpointKeys": Array [
        "xs",
      ],
      "breakpoints": Object {
        "xs": Object {
          "container": 400,
          "viewport": 500,
        },
      },
      "columns": 12,
    }
  }
>
  <styled.div
    breakpoints={
      Object {
        "xs": Object {
          "container": 400,
          "viewport": 500,
        },
      }
    }
    columns={12}
  />
</ContextProvider>
`;
